Microchip MPLAB XC8 Compiler V2.36

Linker command line:

-W-3 --edf=C:\Program Files\Microchip\xc8\v2.36\pic\dat\en_msgs.txt -cn \
  -h+dist/default/production\multiservo.X.production.sym \
  --cmf=dist/default/production\multiservo.X.production.cmf -z -Q18F4550 \
  -oC:\Users\Pablo\AppData\Local\Temp\xcAse90.4 --defsym=__MPLAB_BUILD=1 \
  -Mdist/default/production/multiservo.X.production.map \
  --md=C:\Users\Pablo\AppData\Local\Temp\xcAse90.dat -E1 -ver=XC8 Compiler \
  --acfsm=1493 -ACODE=00h-07FFFh -ACONST=00h-07FFFh \
  -ASMALLCONST=0800h-08FFhx120 -AMEDIUMCONST=0800h-07FFFh -ACOMRAM=01h-05Fh \
  -AABS1=00h-07FFh -ABIGRAM=01h-07FFh -ARAM=060h-0FFh,0100h-01FFhx7 \
  -ABANK0=060h-0FFh -ABANK1=0100h-01FFh -ABANK2=0200h-02FFh \
  -ABANK3=0300h-03FFh -ABANK4=0400h-04FFh -ABANK5=0500h-05FFh \
  -ABANK6=0600h-06FFh -ABANK7=0700h-07FFh -ASFR=0F60h-0FFFh \
  -ABIGSFR=0F60h-0FFFh -ACONFIG=0300000h-030000Dh -AIDLOC=0200000h-0200007h \
  -AEEDATA=0F00000h-0F000FFh -peeprom_data=EEDATA \
  -preset_vec=00h,intcode=08h,intcodelo,powerup,init -pramtop=0800h \
  -psmallconst=SMALLCONST -pmediumconst=MEDIUMCONST -pconst=CONST \
  -AFARRAM=00h-00h \
  -prdata=COMRAM,nvrram=COMRAM,nvbit=COMRAM,rbss=COMRAM,rbit=COMRAM \
  -pfarbss=FARRAM,fardata=FARRAM,nvFARRAM=FARRAM \
  -pintsave_regs=BIGRAM,bigbss=BIGRAM,bigdata=BIGRAM -pbss=RAM \
  -pidata=CODE,irdata=CODE,ibigdata=CODE,ifardata=CODE -prparam=COMRAM \
  C:\Users\Pablo\AppData\Local\Temp\xcAse90.o \
  dist/default/production\multiservo.X.production.o 

Object code version is 3.11

Machine type is 18F4550



                Name                               Link     Load   Length Selector   Space Scale
C:\Users\Pablo\AppData\Local\Temp\xcAse90.o
                idloc                            200000   200000        8        0       5
                config                           300000   300000        E        0       4
                init                                  E        E        4        4       0
                reset_vec                             0        0        4        0       0
dist/default/production\multiservo.X.production.o
                intcode                               8        8        6        4       0
                idloc                            200000   200000        8        0       5
                config                           300000   300000        E        0       4
                temp                                 55       55        1        1       1
                smallconst                          800      800       10      400       0
                text21                              EBE      EBE       24      408       0
                text20                              E9A      E9A       24      408       0
                text19                              BC6      BC6       80      408       0
                intcode_body                        810      810      108      408       0
                text17                              E6E      E6E       2C      408       0
                text16                              B22      B22       A4      408       0
                text15                              F5C      F5C        8      408       0
                text14                              F54      F54        8      408       0
                text13                              F4C      F4C        8      408       0
                text12                              F44      F44        8      408       0
                text11                              C46      C46       70      408       0
                text10                              A7E      A7E       A4      408       0
                text9                               D24      D24       6E      408       0
                text8                               F1C      F1C       16      408       0
                text7                               E38      E38       36      408       0
                text6                               D92      D92       68      408       0
                text5                               918      918       C2      408       0
                text4                               F32      F32       12      408       0
                text3                               9DA      9DA       A4      408       0
                text2                               DFA      DFA       3E      408       0
                text1                               F00      F00       1C      408       0
                text0                               CB6      CB6       6E      408       0
                cstackCOMRAM                         3A       3A       1B        1       1
                bssCOMRAM                             1        1       39        1       1
                cinit                               EE2      EE2       1E      408       0

TOTAL           Name                               Link     Load   Length     Space
        CLASS   CODE           
                intcode                               8        8        6         0
                init                                  E        E        4         0
                reset_vec                             0        0        4         0
                text21                              EBE      EBE       24         0
                text20                              E9A      E9A       24         0
                text19                              BC6      BC6       80         0
                intcode_body                        810      810      108         0
                text17                              E6E      E6E       2C         0
                text16                              B22      B22       A4         0
                text15                              F5C      F5C        8         0
                text14                              F54      F54        8         0
                text13                              F4C      F4C        8         0
                text12                              F44      F44        8         0
                text11                              C46      C46       70         0
                text10                              A7E      A7E       A4         0
                text9                               D24      D24       6E         0
                text8                               F1C      F1C       16         0
                text7                               E38      E38       36         0
                text6                               D92      D92       68         0
                text5                               918      918       C2         0
                text4                               F32      F32       12         0
                text3                               9DA      9DA       A4         0
                text2                               DFA      DFA       3E         0
                text1                               F00      F00       1C         0
                text0                               CB6      CB6       6E         0
                cinit                               EE2      EE2       1E         0

        CLASS   CONST          

        CLASS   SMALLCONST     
                smallconst                          800      800       10         0

        CLASS   MEDIUMCONST    

        CLASS   COMRAM         
                temp                                 55       55        1         1
                cstackCOMRAM                         3A       3A       1B         1
                bssCOMRAM                             1        1       39         1

        CLASS   ABS1           

        CLASS   BIGRAM         

        CLASS   RAM            

        CLASS   BANK0          

        CLASS   BANK1          

        CLASS   BANK2          

        CLASS   BANK3          

        CLASS   BANK4          

        CLASS   BANK5          

        CLASS   BANK6          

        CLASS   BANK7          

        CLASS   SFR            

        CLASS   BIGSFR         

        CLASS   CONFIG         
                config                           300000   300000        E         4

        CLASS   IDLOC          
                idloc                            200000   200000        8         5

        CLASS   EEDATA         

        CLASS   FARRAM         

        CLASS   HEAP           

        CLASS   STACK          



SEGMENTS        Name                           Load    Length   Top    Selector   Space  Class

                reset_vec                      000000  000004  000004         0       0  CODE    
                bssCOMRAM                      000001  000055  000056         1       1  COMRAM  
                intcode                        000008  00000A  000012         4       0  CODE    
                smallconst                     000800  000010  000810       400       0  SMALLCON
                intcode_body                   000810  000754  000F64       408       0  CODE    


UNUSED ADDRESS RANGES

        Name                Unused          Largest block    Delta
        BANK0            000060-0000FF               A0
        BANK1            000100-0001FF              100
        BANK2            000200-0002FF              100
        BANK3            000300-0003FF              100
        BANK4            000400-0004FF              100
        BANK5            000500-0005FF              100
        BANK6            000600-0006FF              100
        BANK7            000700-0007FF              100
        BIGRAM           000056-0007FF              7AA
        BIGSFR           000F60-000FFF               A0
        CODE             000004-000007                4
                         000012-0007FF              7EE
                         000F64-007FFF             709C
        COMRAM           000056-00005F                A
        CONST            000004-000007                4
                         000012-0007FF              7EE
                         000F64-007FFF             709C
        EEDATA           F00000-F000FF              100
        MEDIUMCONST      000F64-007FFF             709C
        RAM              000060-0007FF              100
        SFR              000F60-000FFF               A0
        SMALLCONST       000F64-007FFF              100

                                  Symbol Table

?___lldiv                               cstackCOMRAM 00003E
LCD_Caracter@datos                      cstackCOMRAM 000042
LCD_EnviaComando@comandos               cstackCOMRAM 000042
LCD_EscribeLCD@comando                  cstackCOMRAM 00003E
Temporizaciones@contador                cstackCOMRAM 00003D
Temporizaciones@i                       cstackCOMRAM 00003B
Temporizaciones@i_504                   cstackCOMRAM 00003C
Temporizaciones@pos_servo               cstackCOMRAM 00003A
Uart_Init@baud                          cstackCOMRAM 00004B
Uart_Init@vx                            cstackCOMRAM 000053
Uart_Send_Char@txData                   cstackCOMRAM 00003E
Uart_Send_String@info                   cstackCOMRAM 00003F
_ADCON1                                 (abs)        000FC1
_ADCON1bits                             (abs)        000FC1
_BAUDCON                                (abs)        000FB8
_BAUDCONbits                            (abs)        000FB8
_INTCON2bits                            (abs)        000FF1
_INTCONbits                             (abs)        000FF2
_Interrupcion_TMR0                      intcode      000008
_LATB                                   (abs)        000F8A
_LATBbits                               (abs)        000F8A
_LCD_2Lineas4Bits5x7                    text15       000F5C
_LCD_Borra                              text14       000F54
_LCD_Caracter                           text3        0009DA
_LCD_CursorIncr                         text13       000F4C
_LCD_CursorOFF                          text12       000F44
_LCD_EnviaComando                       text16       000B22
_LCD_EscribeLCD                         text17       000E6E
_LCD_GuardaDato                         bssCOMRAM    00002A
_LCD_GuardaDatoAux                      bssCOMRAM    000029
_LCD_GuardaTRISD                        bssCOMRAM    00002B
_LCD_Iniciliza                          text11       000C46
_PIR1bits                               (abs)        000F9E
_PORTBbits                              (abs)        000F81
_PORTD                                  (abs)        000F83
_PORTEbits                              (abs)        000F84
_RCREG                                  (abs)        000FAE
_RCSTA                                  (abs)        000FAB
_RCSTAbits                              (abs)        000FAB
_SPBRG                                  (abs)        000FAF
_SPBRGH                                 (abs)        000FB0
_T0CON                                  (abs)        000FD5
_T0CONbits                              (abs)        000FD5
_T1CON                                  (abs)        000FCD
_T1CONbits                              (abs)        000FCD
_TMR0                                   (abs)        000FD6
_TMR1                                   (abs)        000FCE
_TRISB                                  (abs)        000F93
_TRISCbits                              (abs)        000F94
_TRISD                                  (abs)        000F95
_TRISEbits                              (abs)        000F96
_TXREG                                  (abs)        000FAD
_TXSTA                                  (abs)        000FAC
_TXSTAbits                              (abs)        000FAC
_Temporizaciones                        text19       000BC6
_Tim_2us                                text21       000EBE
_Tim_50us                               text20       000E9A
_Uart_Init                              text9        000D24
_Uart_Send_Char                         text8        000F1C
_Uart_Send_String                       text7        000E38
__HRAM                                  (abs)        000000
__Habs1                                 abs1         000000
__Hbank0                                bank0        000000
__Hbank1                                bank1        000000
__Hbank2                                bank2        000000
__Hbank3                                bank3        000000
__Hbank4                                bank4        000000
__Hbank5                                bank5        000000
__Hbank6                                bank6        000000
__Hbank7                                bank7        000000
__Hbigbss                               bigbss       000000
__Hbigdata                              bigdata      000000
__Hbigram                               bigram       000000
__Hbigsfr                               bigsfr       000000
__Hbss                                  bss          000000
__HbssCOMRAM                            bssCOMRAM    000000
__Hcinit                                cinit        000000
__Hclrtext                              clrtext      000000
__Hcomram                               comram       000000
__Hconfig                               config       30000E
__Hconst                                const        000000
__HcstackCOMRAM                         cstackCOMRAM 000000
__Hdata                                 data         000000
__Heeprom_data                          eeprom_data  000000
__Hfarbss                               farbss       000000
__Hfardata                              fardata      000000
__Hheap                                 heap         000000
__Hibigdata                             ibigdata     000000
__Hidata                                idata        000000
__Hidloc                                idloc        200008
__Hifardata                             ifardata     000000
__Hinit                                 init         000012
__Hintcode                              intcode      00000E
__Hintcode_body                         intcode_body 000000
__Hintcodelo                            intcodelo    00000E
__Hintentry                             intentry     000000
__Hintret                               intret       000000
__Hintsave_regs                         intsave_regs 000000
__Hirdata                               irdata       000000
__Hmediumconst                          mediumconst  000000
__HnvFARRAM                             nvFARRAM     000000
__Hnvbit                                nvbit        000000
__Hnvrram                               nvrram       000000
__Hparam                                rparam       000000
__Hpowerup                              powerup      00000E
__Hram                                  ram          000000
__Hramtop                               ramtop       000800
__Hrbit                                 rbit         000000
__Hrbss                                 rbss         000000
__Hrdata                                rdata        000000
__Hreset_vec                            reset_vec    000004
__Hrparam                               rparam       000000
__Hsfr                                  sfr          000000
__Hsmallconst                           smallconst   000810
__Hspace_0                              (abs)        000F64
__Hspace_1                              (abs)        000056
__Hspace_2                              (abs)        000000
__Hspace_4                              (abs)        60000E
__Hstack                                stack        000000
__Hstruct                               struct       000000
__Htemp                                 temp         000056
__Htext                                 text         000000
__Htext0                                text0        000000
__Htext1                                text1        000000
__Htext10                               text10       000000
__Htext11                               text11       000000
__Htext12                               text12       000000
__Htext13                               text13       000000
__Htext14                               text14       000000
__Htext15                               text15       000000
__Htext16                               text16       000000
__Htext17                               text17       000000
__Htext19                               text19       000000
__Htext2                                text2        000000
__Htext20                               text20       000000
__Htext21                               text21       000000
__Htext3                                text3        000000
__Htext4                                text4        000000
__Htext5                                text5        000000
__Htext6                                text6        000000
__Htext7                                text7        000000
__Htext8                                text8        000000
__Htext9                                text9        000000
__LRAM                                  (abs)        000001
__Labs1                                 abs1         000000
__Lbank0                                bank0        000000
__Lbank1                                bank1        000000
__Lbank2                                bank2        000000
__Lbank3                                bank3        000000
__Lbank4                                bank4        000000
__Lbank5                                bank5        000000
__Lbank6                                bank6        000000
__Lbank7                                bank7        000000
__Lbigbss                               bigbss       000000
__Lbigdata                              bigdata      000000
__Lbigram                               bigram       000000
__Lbigsfr                               bigsfr       000000
__Lbss                                  bss          000000
__LbssCOMRAM                            bssCOMRAM    000000
__Lcinit                                cinit        000000
__Lclrtext                              clrtext      000000
__Lcomram                               comram       000000
__Lconfig                               config       000000
__Lconst                                const        000000
__LcstackCOMRAM                         cstackCOMRAM 000000
__Ldata                                 data         000000
__Leeprom_data                          eeprom_data  000000
__Lfarbss                               farbss       000000
__Lfardata                              fardata      000000
__Lheap                                 heap         000000
__Libigdata                             ibigdata     000000
__Lidata                                idata        000000
__Lidloc                                idloc        000000
__Lifardata                             ifardata     000000
__Linit                                 init         00000E
__Lintcode                              intcode      000008
__Lintcode_body                         intcode_body 000000
__Lintcodelo                            intcodelo    00000E
__Lintentry                             intentry     000000
__Lintret                               intret       000000
__Lintsave_regs                         intsave_regs 000000
__Lirdata                               irdata       000000
__Lmediumconst                          mediumconst  000000
__LnvFARRAM                             nvFARRAM     000000
__Lnvbit                                nvbit        000000
__Lnvrram                               nvrram       000000
__Lparam                                rparam       000000
__Lpowerup                              powerup      00000E
__Lram                                  ram          000000
__Lramtop                               ramtop       000800
__Lrbit                                 rbit         000000
__Lrbss                                 rbss         000000
__Lrdata                                rdata        000000
__Lreset_vec                            reset_vec    000000
__Lrparam                               rparam       000000
__Lsfr                                  sfr          000000
__Lsmallconst                           smallconst   000800
__Lspace_0                              (abs)        000000
__Lspace_1                              (abs)        000000
__Lspace_2                              (abs)        000000
__Lspace_4                              (abs)        000000
__Lstack                                stack        000000
__Lstruct                               struct       000000
__Ltemp                                 temp         000055
__Ltext                                 text         000000
__Ltext0                                text0        000000
__Ltext1                                text1        000000
__Ltext10                               text10       000000
__Ltext11                               text11       000000
__Ltext12                               text12       000000
__Ltext13                               text13       000000
__Ltext14                               text14       000000
__Ltext15                               text15       000000
__Ltext16                               text16       000000
__Ltext17                               text17       000000
__Ltext19                               text19       000000
__Ltext2                                text2        000000
__Ltext20                               text20       000000
__Ltext21                               text21       000000
__Ltext3                                text3        000000
__Ltext4                                text4        000000
__Ltext5                                text5        000000
__Ltext6                                text6        000000
__Ltext7                                text7        000000
__Ltext8                                text8        000000
__Ltext9                                text9        000000
__S0                                    (abs)        000F64
__S1                                    (abs)        000056
__S4                                    (abs)        000000
__S5                                    (abs)        000000
___heap_hi                              (abs)        000000
___heap_lo                              (abs)        000000
___inthi_sp                             stack        000000
___intlo_sp                             stack        000000
___lldiv                                text10       000A7E
___lldiv@counter                        cstackCOMRAM 00004A
___lldiv@dividend                       cstackCOMRAM 00003E
___lldiv@divisor                        cstackCOMRAM 000042
___lldiv@quotient                       cstackCOMRAM 000046
___param_bank                           (abs)        000000
___rparam_used                          (abs)        000001
___sp                                   stack        000000
__accesstop                             (abs)        000060
__activetblptr                          (abs)        000001
__end_of_Interrupcion_TMR0              intcode_body 000918
__end_of_LCD_2Lineas4Bits5x7            text15       000F64
__end_of_LCD_Borra                      text14       000F5C
__end_of_LCD_Caracter                   text3        000A7E
__end_of_LCD_CursorIncr                 text13       000F54
__end_of_LCD_CursorOFF                  text12       000F4C
__end_of_LCD_EnviaComando               text16       000BC6
__end_of_LCD_EscribeLCD                 text17       000E9A
__end_of_LCD_Iniciliza                  text11       000CB6
__end_of_Temporizaciones                text19       000C46
__end_of_Tim_2us                        text21       000EE2
__end_of_Tim_50us                       text20       000EBE
__end_of_Uart_Init                      text9        000D92
__end_of_Uart_Send_Char                 text8        000F32
__end_of_Uart_Send_String               text7        000E6E
__end_of___lldiv                        text10       000B22
__end_of__initialization                cinit        000EEE
__end_of_andar                          text5        0009DA
__end_of_borraPosiciones                text4        000F44
__end_of_main                           text0        000D24
__end_of_mensajeInicial                 text2        000E38
__end_of_posicionInicial                text1        000F1C
__end_of_servos                         text6        000DFA
__initialization                        cinit        000EE2
__mediumconst                           mediumconst  000000
__pbssCOMRAM                            bssCOMRAM    000001
__pcinit                                cinit        000EE2
__pcstackCOMRAM                         cstackCOMRAM 00003A
__pintcode                              intcode      000008
__pintcode_body                         intcode_body 000810
__psmallconst                           smallconst   000800
__ptext0                                text0        000CB6
__ptext1                                text1        000F00
__ptext10                               text10       000A7E
__ptext11                               text11       000C46
__ptext12                               text12       000F44
__ptext13                               text13       000F4C
__ptext14                               text14       000F54
__ptext15                               text15       000F5C
__ptext16                               text16       000B22
__ptext17                               text17       000E6E
__ptext19                               text19       000BC6
__ptext2                                text2        000DFA
__ptext20                               text20       000E9A
__ptext21                               text21       000EBE
__ptext3                                text3        0009DA
__ptext4                                text4        000F32
__ptext5                                text5        000918
__ptext6                                text6        000D92
__ptext7                                text7        000E38
__ptext8                                text8        000F1C
__ptext9                                text9        000D24
__ramtop                                ramtop       000800
__smallconst                            smallconst   000800
_andar                                  text5        000918
_aux_port                               bssCOMRAM    00002C
_bandera_servo                          bssCOMRAM    000009
_bandera_servo@FuncionesMultiservo$F521 bssCOMRAM    000001
_borraPosiciones                        text4        000F32
_contador_servos                        bssCOMRAM    000028
_lcd_dato                               bssCOMRAM    00002D
_main                                   text0        000CB6
_mensajeInicial                         text2        000DFA
_num                                    bssCOMRAM    000019
_num1                                   bssCOMRAM    000017
_num2                                   bssCOMRAM    000015
_num3                                   bssCOMRAM    000013
_num4                                   bssCOMRAM    000011
_pos_servo1                             bssCOMRAM    000031
_pos_servo1@FuncionesMultiservo$F530    bssCOMRAM    00001E
_pos_servo2                             bssCOMRAM    000030
_pos_servo2@FuncionesMultiservo$F531    bssCOMRAM    00001D
_pos_servo3                             bssCOMRAM    00002F
_pos_servo3@FuncionesMultiservo$F532    bssCOMRAM    00001C
_pos_servo4                             bssCOMRAM    00002E
_pos_servo4@FuncionesMultiservo$F533    bssCOMRAM    00001B
_posicionInicial                        text1        000F00
_servo_1                                bssCOMRAM    000039
_servo_1@FuncionesMultiservo$F522       bssCOMRAM    000026
_servo_2                                bssCOMRAM    000038
_servo_2@FuncionesMultiservo$F523       bssCOMRAM    000025
_servo_3                                bssCOMRAM    000037
_servo_3@FuncionesMultiservo$F524       bssCOMRAM    000024
_servo_4                                bssCOMRAM    000036
_servo_4@FuncionesMultiservo$F525       bssCOMRAM    000023
_servo_bit                              bssCOMRAM    000027
_servos                                 text6        000D92
btemp                                   temp         000055
end_of_initialization                   cinit        000EEE
int$flags                               temp         000055
int_func                                intcode_body 000810
intlevel0                               text         000000
intlevel1                               text         000000
intlevel2                               text         000000
intlevel3                               text         000000
isa$std                                 (abs)        000001
isa$xinst                               (abs)        000000
servos@num_1                            cstackCOMRAM 000044
servos@num_2                            cstackCOMRAM 00003E
servos@num_3                            cstackCOMRAM 00003F
servos@num_4                            cstackCOMRAM 000040
servos@vel_                             cstackCOMRAM 000041
stackhi                                 (abs)        000000
stacklo                                 (abs)        000000
start                                   init         00000E
start_initialization                    cinit        000EE2
ttemp5                                  temp         000056
ttemp6                                  temp         000059
ttemp7                                  temp         00005D
wtemp8                                  temp         000056


MODULE INFORMATION

Module		Function		Class		Link	Load	Size
C:\Program Files\Microchip\xc8\v2.36\pic\sources\c99\common\__lldiv.c
		___lldiv       		CODE           	0A7E	0000	164

C:\Program Files\Microchip\xc8\v2.36\pic\sources\c99\common\__lldiv.c estimated size: 164

shared
		__initialization		CODE           	0EE2	0000	12

shared estimated size: 12

../../lenguaje_C/ProyectoRobot_PIC18F4550/practicas_USART.X/uart.c
		_Uart_Init     		CODE           	0D24	0000	110
		_Uart_Send_String		CODE           	0E38	0000	54
		_Uart_Send_Char		CODE           	0F1C	0000	22

../../lenguaje_C/ProyectoRobot_PIC18F4550/practicas_USART.X/uart.c estimated size: 186

Libreria_LCD.c
		_LCD_2Lineas4Bits5x7		CODE           	0F5C	0000	8
		_LCD_EscribeLCD		CODE           	0E6E	0000	44
		_LCD_Iniciliza 		CODE           	0C46	0000	112
		_LCD_Borra     		CODE           	0F54	0000	8
		_LCD_EnviaComando		CODE           	0B22	0000	164
		_LCD_CursorOFF 		CODE           	0F44	0000	8
		_LCD_Caracter  		CODE           	09DA	0000	164
		_LCD_CursorIncr		CODE           	0F4C	0000	8

Libreria_LCD.c estimated size: 516

./FuncionesMultiservo.c
		_servos        		CODE           	0D92	0000	104
		_borraPosiciones		CODE           	0F32	0000	18
		_posicionInicial		CODE           	0F00	0000	28
		_andar         		CODE           	0918	0000	194

./FuncionesMultiservo.c estimated size: 344

main.c
		_Tim_2us       		CODE           	0EBE	0000	36
		_Tim_50us      		CODE           	0E9A	0000	36
		_main          		CODE           	0CB6	0000	110
		_Temporizaciones		CODE           	0BC6	0000	128
		_Interrupcion_TMR0		CODE           	0008	0000	270
		_mensajeInicial		CODE           	0DFA	0000	62

main.c estimated size: 642

